[flockerz.com/index.html]
[backblue.gif]
[fade.gif]
[index.html]
[flockerz.com/assets/images/favicon.svg]
[flockerz.com/assets/images/favicon.png]
[flockerz.com/media/badaboom-bb.regular-XZTLUH5E.ttf]
[flockerz.com/assets/images/pngs/banner-desktop.png]
[flockerz.com/media/HeyComic-ZOC2HDMN.ttf]
[flockerz.com/assets/images/pngs/mobile-banner.png]
[flockerz.com/styles-ATBWANHZ.css]
[flockerz.com/assets/images/pngs/banner-desktop-lg.png]
[flockerz.com/media/Poppins-Bold-QAA2AGZS.ttf]
[flockerz.com/assets/images/svg-icons/about-bg.svg]
[flockerz.com/assets/images/svg-icons/about-img.svg]
[flockerz.com/assets/images/svg-icons/flockenomics-mobile-bg.svg]
[flockerz.com/assets/images/svg-icons/faq_bg_desktop.svg]
[flockerz.com/assets/images/svg-icons/faq-one.png]
[flockerz.com/assets/images/svg-icons/faq-two.png]
[flockerz.com/assets/images/svg-icons/faq-three.png]
[flockerz.com/assets/images/svg-icons/faq-four.png]
[flockerz.com/assets/images/svg-icons/circle.svg]
[flockerz.com/assets/images/gif/hero.gif]
[flockerz.com/assets/images/svg-icons/audit.png]
[flockerz.com/assets/images/svg-icons/solid-proof.png]
[flockerz.com/assets/images/svg-icons/info-icon.svg]
[flockerz.com/assets/images/svg-icons/W3P_White.svg]
[flockerz.com/assets/videos/FlockStory.qt]
[flockerz.com/assets/videos/FlockStory.webm]
[flockerz.com/en/comicstory/index.html]
[flockerz.com/assets/images/gif/king-img.gif]
[flockerz.com/assets/images/svg-icons/wtf-img.svg]
[flockerz.com/assets/images/svg-icons/zap-img.svg]
[flockerz.com/assets/images/pngs/welcome-about.png]
[flockerz.com/assets/images/pngs/about-mob-bg.png]
[flockerz.com/assets/images/gif/vote.gif]
[flockerz.com/assets/images/svg-icons/plans-mobile-bg.svg]
[flockerz.com/assets/images/gif/step1-egg.gif]
[flockerz.com/assets/images/pngs/step1-bg.png]
[flockerz.com/assets/images/gif/high-five.gif]
[flockerz.com/assets/images/gif/listening-to-music.gif]
[flockerz.com/assets/images/gif/step2-egg.gif]
[flockerz.com/assets/images/gif/step3-egg.gif]
[flockerz.com/assets/images/pngs/energy-drink.png]
[flockerz.com/assets/images/gif/spinning.gif]
[flockerz.com/assets/images/gif/flockenomic-bird.gif]
[flockerz.com/assets/images/flockenomic-graph.webp]
[flockerz.com/assets/images/flockenomic-graph-mobile.webp]
[flockerz.com/assets/images/flockenomic-headphone.webp]
[flockerz.com/assets/images/svg-icons/become-flockerz-bg.svg]
[flockerz.com/assets/images/svg-icons/omg.svg]
[flockerz.com/assets/images/svg-icons/omg-mobile.svg]
[flockerz.com/assets/images/featured/feature_1.png]
[flockerz.com/assets/images/featured/feature_2.png]
[flockerz.com/assets/images/featured/feature_3.png]
[flockerz.com/assets/images/featured/feature_4.png]
[flockerz.com/assets/images/featured/feature_5.png]
[flockerz.com/assets/images/svg-icons/poof.svg]
[flockerz.com/assets/images/gif/join_us_desktop.gif]
[flockerz.com/assets/images/svg-icons/token.svg]
[flockerz.com/en/staking/index.html]
[flockerz.com/en/index.html]
[flockerz.com/index.html]
[flockerz.com/assets/images/favicon.svg]
[www.googletagmanager.com/gtm5445.html]
[flockerz.com/styles-ATBWANHZ.css]
[flockerz.com/assets/images/svg-icons/about-bg.svg]
[flockerz.com/assets/images/svg-icons/about-img.svg]
[flockerz.com/assets/images/svg-icons/flockenomics-mobile-bg.svg]
[flockerz.com/assets/images/svg-icons/faq_bg_desktop.svg]
[flockerz.com/assets/images/svg-icons/circle.svg]
[flockerz.com/assets/images/svg-icons/info-icon.svg]
[flockerz.com/assets/images/svg-icons/W3P_White.svg]
[flockerz.com/assets/images/svg-icons/arrow-next.svg]
[flockerz.com/en/comicstory/index.html]
[flockerz.com/assets/images/svg-icons/wtf-img.svg]
[flockerz.com/assets/images/svg-icons/zap-img.svg]
[flockerz.com/assets/images/svg-icons/plans-mobile-bg.svg]
[flockerz.com/assets/images/svg-icons/become-flockerz-bg.svg]
[flockerz.com/assets/images/svg-icons/omg.svg]
[flockerz.com/assets/images/svg-icons/omg-mobile.svg]
[flockerz.com/assets/images/svg-icons/poof.svg]
[flockerz.com/assets/images/svg-icons/token.svg]
[flockerz.com/assets/images/svg-icons/arrow-right.svg]
[flockerz.com/assets/images/svg-icons/logo.svg]
[flockerz.com/en/staking/index.html]
[flockerz.com/en/index.html]
[flockerz.com/assets/images/svg-icons/arrow-next.svg]
[flockerz.com/assets/images/svg-icons/arrow-right.svg]
[flockerz.com/assets/images/svg-icons/logo.svg]
